// Jest Snapshot v1, https://goo.gl/fbAQLP

exports[`SegmentForPalette renders width correctly depending on the dimension 1`] = `
<div
  className="segment segment-in-palette"
  onPointerOver={[Function]}
  style={
    Object {
      "width": "424px",
    }
  }
>
  <Connect(SegmentCanvas)
    actualWidth={106}
    groundBaseline={65}
    multiplier={0.3333333333333333}
    randSeed={42}
    type=""
    variantString=""
  />
</div>
`;
