// Jest Snapshot v1, https://goo.gl/fbAQLP

exports[`HelpMenu renders 1`] = `
<DocumentFragment>
  <div
    class="menu"
  >
    <a>
      <svg
        class="menu-item-icon-radix"
      />
      About Streetmix…
    </a>
    <a>
      <svg
        class="menu-item-icon-radix"
      />
      What’s new in Streetmix? [en]‎
    </a>
    <a
      href="https://docs.streetmix.net/user-guide/intro"
      rel="noopener noreferrer"
      target="_blank"
    >
      <svg
        class="svg-inline--fa menu-item-icon fa-book"
      />
      Guidebook
    </a>
    <div
      class="help-menu-shortcuts"
    >
      <svg
        class="menu-item-icon-radix"
      />
      Keyboard shortcuts:
      <table>
        <tbody>
          <tr>
            <td>
              <kbd
                class="key"
              >
                Backspace
              </kbd>
            </td>
            <td>
              Remove a segment you’re pointing at
              <br />
              (hold 
              <kbd
                class="key"
              >
                Shift
              </kbd>
               to remove all)‎
            </td>
          </tr>
          <tr>
            <td
              dir="ltr"
            >
              <kbd
                class="key key-icon"
                title="Minus"
              >
                <svg
                  class="svg-inline--fa fa-minus"
                />
              </kbd>
              <kbd
                class="key key-icon"
                title="Plus"
              >
                <svg
                  class="svg-inline--fa fa-plus"
                />
              </kbd>
            </td>
            <td>
              Change width of a segment you’re pointing at
              <br />
              (hold 
              <kbd
                class="key"
              >
                Shift
              </kbd>
               for more precision)‎
            </td>
          </tr>
          <tr>
            <td
              dir="ltr"
            >
              <kbd
                class="key key-icon"
                title="Left arrow"
              >
                <svg
                  class="svg-inline--fa fa-arrow-left"
                />
              </kbd>
              <kbd
                class="key key-icon"
                title="Right arrow"
              >
                <svg
                  class="svg-inline--fa fa-arrow-right"
                />
              </kbd>
            </td>
            <td>
              Move around the street
              <br />
              (hold 
              <kbd
                class="key"
              >
                Shift
              </kbd>
               to jump to edges)‎
            </td>
          </tr>
        </tbody>
      </table>
    </div>
  </div>
</DocumentFragment>
`;
