// Vitest Snapshot v1, https://vitest.dev/guide/snapshot.html

exports[`FeatureFlagDialog > renders 1`] = `
<DocumentFragment>
  <div
    class="dialog-box-container"
  >
    <div
      class="dialog-box-backdrop"
    />
    <div
      class="dialog-box-display-area"
    >
      <div
        class="dialog-box"
        role="dialog"
      >
        <button
          class="close"
          title="Dismiss"
        >
          <svg
            data-icon="close"
          />
        </button>
        <div
          class="feature-flag-dialog"
          dir="ltr"
        >
          <header>
            <h1>
              Feature flags
            </h1>
          </header>
          <div
            class="dialog-content"
          >
            <ul>
              <li>
                <div
                  class="checkbox-item"
                >
                  <input
                    checked=""
                    id="_r_0_"
                    type="checkbox"
                  />
                  <label
                    for="_r_0_"
                  >
                    <span
                      class=""
                    >
                      FOO_BAR
                    </span>
                  </label>
                  <svg
                    data-icon="check"
                  />
                </div>
              </li>
              <li>
                <div
                  class="checkbox-item"
                >
                  <input
                    id="_r_1_"
                    type="checkbox"
                  />
                  <label
                    for="_r_1_"
                  >
                    <span
                      class="feature-flag-label-modified"
                    >
                      BAZ_QUX
                    </span>
                  </label>
                  <svg
                    data-icon="check"
                  />
                </div>
              </li>
              <li>
                <div
                  class="checkbox-item"
                >
                  <input
                    checked=""
                    id="_r_2_"
                    type="checkbox"
                  />
                  <label
                    for="_r_2_"
                  >
                    <span
                      class=""
                    >
                      FOO_BAZ
                    </span>
                  </label>
                  <svg
                    data-icon="check"
                  />
                </div>
              </li>
              <li>
                <div
                  class="checkbox-item"
                >
                  <input
                    disabled=""
                    id="_r_3_"
                    type="checkbox"
                  />
                  <label
                    for="_r_3_"
                  >
                    <span
                      class="feature-flag-label-modified"
                    >
                      BAZ_BAR
                    </span>
                  </label>
                  <svg
                    data-icon="check"
                  />
                </div>
              </li>
            </ul>
          </div>
          <button
            class="dialog-primary-action"
          >
            Close
          </button>
        </div>
      </div>
    </div>
  </div>
</DocumentFragment>
`;
