// Jest Snapshot v1, https://goo.gl/fbAQLP

exports[`PaletteContainer renders 1`] = `
<DocumentFragment>
  <div
    class="palette-container-outer"
  >
    <div
      class="palette-container"
    >
      <div
        class="palette-commands palette-commands-left"
      >
        <button
          class="btn"
          title="Environment editor"
          type="button"
        >
          <svg
            class="octicon"
          />
        </button>
      </div>
      <div
        class="palette-items-scrollable-container"
      >
        <button
          class="btn scrollable scroll-left"
          hidden="true"
          style="left: -15px; opacity: 0; pointer-events: none;"
          tabindex="-1"
          type="button"
        >
          <svg
            class="svg-inline--fa fa-chevron-left"
          />
        </button>
        <div
          class="palette-items"
        >
          <ul>
            <li
              class="palette-item"
            >
              <div
                tabindex="0"
              >
                <img
                  class="palette-item-image"
                  draggable="false"
                />
              </div>
            </li>
            <li
              class="palette-item palette-item-disabled"
            >
              <div
                tabindex="0"
              >
                <img
                  class="palette-item-image"
                  draggable="false"
                />
              </div>
              <svg
                class="svg-inline--fa fa-lock"
              />
            </li>
            <li
              class="palette-item"
            >
              <div
                tabindex="0"
              >
                <img
                  class="palette-item-image"
                  draggable="false"
                />
              </div>
            </li>
          </ul>
        </div>
        <button
          class="btn scrollable scroll-right"
          hidden="true"
          style="right: -15px; opacity: 0; pointer-events: none;"
          tabindex="-1"
          type="button"
        >
          <svg
            class="svg-inline--fa fa-chevron-right"
          />
        </button>
      </div>
      <div
        class="palette-commands palette-commands-right"
      >
        <button
          class="btn"
          disabled=""
          title="Undo"
          type="button"
        >
          <svg
            class="svg-inline--fa fa-arrow-rotate-left"
          />
        </button>
        <button
          class="btn"
          disabled=""
          title="Redo"
          type="button"
        >
          <svg
            class="svg-inline--fa fa-arrow-rotate-right"
          />
        </button>
      </div>
      <div
        class="palette-trashcan"
        hidden=""
      >
        Drag here to remove
      </div>
    </div>
  </div>
</DocumentFragment>
`;
