// Jest Snapshot v1, https://goo.gl/fbAQLP

exports[`SegmentForPalette renders width correctly depending on the dimension 1`] = `
<DocumentFragment>
  <li
    class="segment segment-in-palette"
  >
    <div
      tabindex="0"
    >
      <img
        class="segment-image"
      />
    </div>
  </li>
</DocumentFragment>
`;
