// Jest Snapshot v1, https://goo.gl/fbAQLP

exports[`ContributeMenu renders 1`] = `
<DocumentFragment>
  <div
    class="menu"
  >
    <a
      href="https://opencollective.com/streetmix/"
      rel="noopener noreferrer"
      target="_blank"
    >
      Donate
    </a>
  </div>
</DocumentFragment>
`;
