// Jest Snapshot v1, https://goo.gl/fbAQLP

exports[`SettingsMenu renders 1`] = `
<DocumentFragment>
  <div
    class="menu"
  >
    <h2
      class="menu-header"
    >
      Units
    </h2>
    <ul
      class="menu-item-group"
    >
      <li
        class="menu-item menu-item-selected"
      >
        <svg
          class="svg-inline--fa menu-item-icon fa-check"
        />
        Metric units (meters)‎
      </li>
      <li
        class="menu-item "
      >
        Imperial units (feet)‎
      </li>
    </ul>
    <h2
      class="menu-header"
    >
      Language
    </h2>
    <ul
      class="menu-item-group"
    >
      <li
        class="menu-item"
      >
        <span>
          Deutsch‎
        </span>
        <span
          class="menu-item-subtext"
        >
          German
        </span>
      </li>
      <li
        class="menu-item menu-item-selected"
      >
        <svg
          class="svg-inline--fa menu-item-icon fa-check"
        />
        <span>
          English‎
        </span>
        <span
          class="menu-item-subtext"
        >
          English
        </span>
      </li>
      <li
        class="menu-item"
      >
        <span>
          Español (México)‎
        </span>
        <span
          class="menu-item-subtext"
        >
          Spanish (Mexico)
        </span>
      </li>
      <li
        class="menu-item"
      >
        <span>
          Français‎
        </span>
        <span
          class="menu-item-subtext"
        >
          French
        </span>
      </li>
      <li
        class="menu-item"
      >
        <span>
          Polski‎
        </span>
        <span
          class="menu-item-subtext"
        >
          Polish
        </span>
      </li>
      <li
        class="menu-item"
      >
        <span>
          Português (Brasil)‎
        </span>
        <span
          class="menu-item-subtext"
        >
          Portuguese (Brazil)
        </span>
      </li>
      <li
        class="menu-item"
      >
        <span>
          Suomi‎
        </span>
        <span
          class="menu-item-subtext"
        >
          Finnish
        </span>
      </li>
      <li
        class="menu-item"
      >
        <span>
          Русский‎
        </span>
        <span
          class="menu-item-subtext"
        >
          Russian
        </span>
      </li>
      <li
        class="menu-item"
      >
        <span>
          لغة عربية‎
        </span>
        <span
          class="menu-item-subtext"
        >
          Arabic
        </span>
      </li>
      <li
        class="menu-item"
      >
        <span>
          日本語‎
        </span>
        <span
          class="menu-item-subtext"
        >
          Japanese
        </span>
      </li>
      <li
        class="menu-item"
      >
        <span>
          简体中文‎
        </span>
        <span
          class="menu-item-subtext"
        >
          Simplified Chinese
        </span>
      </li>
      <li
        class="menu-item"
      >
        <span>
          繁體中文‎
        </span>
        <span
          class="menu-item-subtext"
        >
          Traditional Chinese
        </span>
      </li>
    </ul>
  </div>
</DocumentFragment>
`;
