// Vitest Snapshot v1, https://vitest.dev/guide/snapshot.html

exports[`AvatarMenu > renders user avatar 1`] = `
<DocumentFragment>
  <button
    class="menu-attached menu-avatar"
  >
    <span
      class="avatar"
    >
      <img
        alt="foo"
      />
    </span>
  </button>
</DocumentFragment>
`;
