// Vitest Snapshot v1, https://vitest.dev/guide/snapshot.html

exports[`StreetMeta > renders without crashing 1`] = `
<DocumentFragment>
  <div
    class="street-meta"
  >
    <div
      aria-expanded="false"
      aria-haspopup="menu"
      class="street-meta-item street-width street-width-editable"
      data-state="closed"
      id="radix-«r0»"
      type="button"
    >
      <button
        aria-label="Change width of the street"
      >
        <div
          class="street-meta-icon"
        >
          <svg
            data-icon="ruler"
            data-icon-source="test"
          />
        </div>
        <div
          class="street-meta-content"
        >
          <span
            class="underline"
          >
            0 m width
          </span>
          <svg
            class="menu-carat-down"
            data-icon="chevron-down"
            data-icon-source="test"
          />
        </div>
      </button>
    </div>
    <div
      class="street-meta-item"
    >
      <button
        aria-label="Change location"
      >
        <div
          class="street-meta-icon"
        >
          <svg
            data-icon="location"
            data-icon-source="test"
          />
        </div>
        <div
          class="street-meta-content"
        >
          <span
            class="underline"
          >
            Add location
          </span>
        </div>
      </button>
    </div>
  </div>
</DocumentFragment>
`;
