// Jest Snapshot v1, https://goo.gl/fbAQLP

exports[`ContactMenu renders 1`] = `
<DocumentFragment>
  <div
    class="menu"
  >
    <a
      href="https://strt.mx/discord"
      rel="noopener noreferrer"
      target="_blank"
    >
      <svg
        class="svg-inline--fa menu-item-icon fa-discord"
      />
      Join Discord chat
      <svg
        class="menu-item-external-link"
      />
    </a>
    <a
      href="https://github.com/streetmix/streetmix/"
      rel="noopener noreferrer"
      target="_blank"
    >
      <svg
        class="svg-inline--fa menu-item-icon fa-github"
      />
      View source code on GitHub
      <svg
        class="menu-item-external-link"
      />
    </a>
    <a>
      <svg
        class="menu-item-icon-radix"
      />
      Subscribe to our newsletter
    </a>
  </div>
</DocumentFragment>
`;
