// Jest Snapshot v1, https://goo.gl/fbAQLP

exports[`UndoRedo renders two buttons 1`] = `
<DocumentFragment>
  <button
    disabled=""
    title="Undo"
  >
    <svg
      class="svg-inline--fa fa-undo"
    />
  </button>
  <button
    disabled=""
    title="Redo"
  >
    <svg
      class="svg-inline--fa fa-redo"
    />
  </button>
</DocumentFragment>
`;
