// Jest Snapshot v1, https://goo.gl/fbAQLP

exports[`BlockingError renders 1`] = `
<DocumentFragment>
  <div
    id="error"
  >
    <div
      class="clouds-background"
    >
      <div
        class="rear-clouds"
      />
      <div
        class="front-clouds"
      />
    </div>
    <div
      class="error-content"
    >
      <h1>
        Page not found.
      </h1>
      <div>
        Oh, boy. There is no page with this address!
        <br />
        <button>
          Go to the homepage
        </button>
      </div>
    </div>
  </div>
</DocumentFragment>
`;
