// Vitest Snapshot v1, https://vitest.dev/guide/snapshot.html

exports[`DebugInfo > is visible when opened with keyboard shortcut 1`] = `
<DocumentFragment>
  <div
    class="debug-container"
  >
    <div
      class="debug-panel"
    >
      <h2>
        Debug
      </h2>
      <textarea
        readonly=""
        wrap="off"
      />
    </div>
  </div>
</DocumentFragment>
`;
