// Vitest Snapshot v1, https://vitest.dev/guide/snapshot.html

exports[`SkyPicker > renders for signed-in subscribers 1`] = `
<DocumentFragment>
  <div
    class="floating-panel floating-panel-container-outer sky-picker react-draggable"
    style="transform: translate(0px,0px);"
  >
    <div
      class="floating-panel-container-inner"
      style="opacity: 0; pointer-events: none; transform: scale(0.75);"
    >
      <header>
        <h3>
          <svg
            data-icon="sun"
            data-icon-source="test"
          />
          Environment
        </h3>
        <button
          class="close"
          title="Dismiss"
        >
          <svg
            data-icon="close"
            data-icon-source="test"
          />
        </button>
      </header>
      <div
        class="floating-panel-content"
      >
        <div
          class="sky-options"
        >
          <button
            aria-label="Day"
            class="sky-option-item sky-selected"
            style="background: #a9ccdb;"
          />
          <button
            aria-label="Foo"
            class="sky-option-item"
            style="background: linear-gradient(#020b1a, #3e5879, #9ba5ae, #dcb697, #fc7001, #dd723c, #ad4a28, #040308);"
          />
          <button
            aria-label="Bar"
            class="sky-option-item"
            style="background: linear-gradient(#020b1a, #3e5879, #9ba5ae 40%, #dcb697, #fc7001);"
          />
        </div>
      </div>
    </div>
  </div>
</DocumentFragment>
`;
