// Vitest Snapshot v1, https://vitest.dev/guide/snapshot.html

exports[`SkyPicker > renders for signed-in subscribers 1`] = `
<DocumentFragment>
  <div
    class="sky-picker sky-picker-container-outer react-draggable"
    style="transform: translate(0px,0px);"
  >
    <div
      class="sky-picker-container-inner"
      style="opacity: 0; pointer-events: none; transform: scale(0.75);"
    >
      <header>
        <h3>
          <svg
            data-icon="sun"
            data-icon-source="test"
          />
          Environment
        </h3>
        <button
          class="close"
          title="Dismiss"
        >
          <svg
            data-icon="close"
            data-icon-source="test"
          />
        </button>
      </header>
      <div
        class="sky-picker-content"
      >
        <div
          class="sky-options"
        >
          <button
            aria-label="Day"
            class="sky-option-item sky-selected"
            style="background: rgb(169, 204, 219);"
          />
          <button
            aria-label="Foo"
            class="sky-option-item"
          />
          <button
            aria-label="Bar"
            class="sky-option-item"
          />
        </div>
      </div>
    </div>
  </div>
</DocumentFragment>
`;
