// Jest Snapshot v1, https://goo.gl/fbAQLP

exports[`FeatureFlagDialog renders 1`] = `
<DocumentFragment>
  <div
    class="dialog-box-container"
  >
    <div
      class="dialog-box-backdrop"
    />
    <div
      class="dialog-box"
      role="dialog"
    >
      <button
        class="close"
        title="Dismiss"
      >
        <svg
          class="octicon"
        />
      </button>
      <div
        class="feature-flag-dialog"
        dir="ltr"
      >
        <header>
          <h1>
            Feature flags
          </h1>
        </header>
        <div
          class="dialog-content"
        >
          <ul>
            <li>
              <div
                class="checkbox-item"
              >
                <input
                  checked=""
                  id="feature-flag__input--foo-bar"
                  type="checkbox"
                  value=""
                />
                <label
                  for="feature-flag__input--foo-bar"
                >
                  <span
                    class=""
                  >
                    FOO_BAR
                  </span>
                </label>
                <svg
                  class="svg-inline--fa fa-check"
                />
              </div>
            </li>
            <li>
              <div
                class="checkbox-item"
              >
                <input
                  id="feature-flag__input--baz-qux"
                  type="checkbox"
                  value=""
                />
                <label
                  for="feature-flag__input--baz-qux"
                >
                  <span
                    class="feature-flag-label-modified"
                  >
                    BAZ_QUX
                  </span>
                </label>
                <svg
                  class="svg-inline--fa fa-check"
                />
              </div>
            </li>
            <li>
              <div
                class="checkbox-item"
              >
                <input
                  checked=""
                  id="feature-flag__input--foo-baz"
                  type="checkbox"
                  value=""
                />
                <label
                  for="feature-flag__input--foo-baz"
                >
                  <span
                    class=""
                  >
                    FOO_BAZ
                  </span>
                </label>
                <svg
                  class="svg-inline--fa fa-check"
                />
              </div>
            </li>
            <li>
              <div
                class="checkbox-item"
              >
                <input
                  disabled=""
                  id="feature-flag__input--baz-bar"
                  type="checkbox"
                  value=""
                />
                <label
                  for="feature-flag__input--baz-bar"
                >
                  <span
                    class="feature-flag-label-modified"
                  >
                    BAZ_BAR
                  </span>
                </label>
                <svg
                  class="svg-inline--fa fa-check"
                />
              </div>
            </li>
          </ul>
        </div>
        <button
          class="dialog-primary-action"
        >
          Close
        </button>
      </div>
    </div>
  </div>
</DocumentFragment>
`;
