// Jest Snapshot v1, https://goo.gl/fbAQLP

exports[`GeotagDialog renders 1`] = `
<DocumentFragment>
  <div
    class="dialog-box-container"
  >
    <div
      class="dialog-box-backdrop"
    />
    <div
      class="dialog-box"
      role="dialog"
    >
      <button
        class="close"
        title="Dismiss"
      >
        <svg
          class="octicon"
        />
      </button>
      <div
        class="geotag-dialog"
      >
        <div
          class="geotag-input-container"
        >
          <div
            aria-expanded="false"
            aria-haspopup="listbox"
            aria-labelledby="downshift-0-label"
            class="geotag-input-form"
            role="combobox"
          >
            <input
              aria-autocomplete="list"
              aria-labelledby="downshift-0-label"
              autocomplete="off"
              class="geotag-input"
              id="downshift-0-input"
              placeholder="Search for a location"
              value=""
            />
          </div>
        </div>
        <div
          class="leaflet-container leaflet-grab leaflet-touch-drag"
          style="position: relative;"
          tabindex="0"
        >
          <div
            class="leaflet-pane leaflet-map-pane"
            style="left: 0px; top: 0px;"
          >
            <div
              class="leaflet-pane leaflet-tile-pane"
            >
              <div
                class="leaflet-layer "
                style="z-index: 1;"
              >
                <div
                  class="leaflet-tile-container leaflet-zoom-animated"
                  style="z-index: 18; left: 0px; top: 0px;"
                >
                  <img
                    alt=""
                    class="leaflet-tile"
                    role="presentation"
                    src="https://c.basemaps.cartocdn.com/rastertiles/voyager/12/2047/2047.png"
                    style="width: 256px; height: 256px; left: -251px; top: -221px;"
                  />
                </div>
              </div>
            </div>
            <div
              class="leaflet-pane leaflet-shadow-pane"
            >
              <img
                alt=""
                class="leaflet-marker-shadow leaflet-zoom-hide"
                src="/images/marker-shadow.png"
                style="margin-left: -12px; margin-top: -41px; width: 41px; height: 41px; left: 5px; top: 35px;"
              />
            </div>
            <div
              class="leaflet-pane leaflet-overlay-pane"
            />
            <div
              class="leaflet-pane leaflet-marker-pane"
            >
              <img
                alt=""
                class="leaflet-marker-icon leaflet-zoom-hide leaflet-interactive leaflet-marker-draggable"
                src="/images/marker-icon.png"
                style="margin-left: -12px; margin-top: -41px; width: 25px; height: 41px; left: 5px; top: 35px; z-index: 35;"
                tabindex="0"
              />
            </div>
            <div
              class="leaflet-pane leaflet-tooltip-pane"
            />
            <div
              class="leaflet-pane leaflet-popup-pane"
            >
              <div
                class="leaflet-popup  leaflet-zoom-animated"
                style="bottom: -5px; left: 5px;"
              >
                <div
                  class="leaflet-popup-content-wrapper"
                >
                  <div
                    class="leaflet-popup-content"
                    style="width: 51px;"
                  >
                    <div
                      class="geotag-location-label"
                    >
                      Null Island
                    </div>
                  </div>
                </div>
                <div
                  class="leaflet-popup-tip-container"
                >
                  <div
                    class="leaflet-popup-tip"
                  />
                </div>
              </div>
            </div>
          </div>
          <div
            class="leaflet-control-container"
          >
            <div
              class="leaflet-top leaflet-left"
            >
              <div
                class="leaflet-control-zoom leaflet-bar leaflet-control"
              >
                <a
                  aria-label="Zoom in"
                  class="leaflet-control-zoom-in"
                  href="#"
                  role="button"
                  title="Zoom in"
                >
                  +
                </a>
                <a
                  aria-label="Zoom out"
                  class="leaflet-control-zoom-out"
                  href="#"
                  role="button"
                  title="Zoom out"
                >
                  −
                </a>
              </div>
            </div>
            <div
              class="leaflet-top leaflet-right"
            />
            <div
              class="leaflet-bottom leaflet-left"
            />
            <div
              class="leaflet-bottom leaflet-right"
            >
              <div
                class="leaflet-control-attribution leaflet-control"
              >
                <a
                  href="https://leafletjs.com"
                  title="A JS library for interactive maps"
                >
                  Leaflet
                </a>
                 | © 
                <a
                  href="https://www.openstreetmap.org/copyright"
                >
                  OpenStreetMap
                </a>
                , © 
                <a
                  href="https://carto.com/attribution"
                >
                  CARTO
                </a>
              </div>
            </div>
          </div>
        </div>
      </div>
    </div>
  </div>
</DocumentFragment>
`;
