// Jest Snapshot v1, https://goo.gl/fbAQLP

exports[`SignInDialog renders 1`] = `
<DocumentFragment>
  <div
    class="dialog-box-container"
  >
    <div
      class="dialog-box-backdrop"
    />
    <div
      class="dialog-box"
      role="dialog"
    >
      <button
        class="close"
        title="Dismiss"
      >
        <svg
          class="octicon"
        />
      </button>
      <div
        class="sign-in-dialog"
      >
        <header>
          <h1>
            Sign in / Sign up
          </h1>
        </header>
        <div
          class="dialog-content"
        >
          <p>
            Save your first design or sign in to access your past designs.
          </p>
          <form>
            <label
              class="sign-in-email-label"
              for="sign-in-email-input"
            >
              Email
            </label>
            <input
              class="sign-in-input "
              id="sign-in-email-input"
              name="email"
              placeholder="test@test.com"
              required=""
              type="email"
              value=""
            />
            <p
              class="sign-in-email-password-note"
            >
              <small>
                We’ll send you a link to sign in. No password is required.
              </small>
            </p>
            <button
              class="button-primary sign-in-button sign-in-email-button"
              type="submit"
            >
              Continue with email
            </button>
          </form>
          <div
            class="sign-in-social-heading"
          >
            <hr />
            <span>
              or
            </span>
          </div>
          <button
            class="button-tertiary sign-in-button sign-in-social-button sign-in-twitter-button"
          >
            <svg
              class="svg-inline--fa menu-item-icon fa-twitter"
            />
            Continue with Twitter
          </button>
          <button
            class="button-tertiary sign-in-button sign-in-social-button sign-in-google-button"
          >
            <img
              alt=""
              class="menu-item-icon"
              src="test-file-stub"
            />
            Continue with Google
          </button>
          <button
            class="button-tertiary sign-in-button sign-in-social-button sign-in-facebook-button"
          >
            <svg
              class="svg-inline--fa menu-item-icon fa-facebook-square"
            />
            Continue with Facebook
          </button>
        </div>
        <footer>
          <p
            class="sign-in-disclaimer"
          >
            By clicking one of these buttons, I agree to the 
            <a
              href="/terms-of-service"
              target="_blank"
            >
              terms of service
            </a>
             and 
            <a
              href="/privacy-policy"
              target="_blank"
            >
              privacy policy
            </a>
            .
          </p>
        </footer>
      </div>
    </div>
  </div>
</DocumentFragment>
`;
